Real_Time_Situation (
   Generation_Tool    => "MAST Schedulability Analysis, version 1.7.0.0",
   Generation_Profile => "C:\Users\facud\Downloads\mast-bin-win-1-7-0-0\mast_analysis.exe default C:\Users\facud\OneDrive\Documents\GitHub\obdh_proy_26_Facundo_Dalfonso\MAST C:\Users\facud\OneDrive\Documents\GitHub\obdh_proy_26_Facundo_Dalfonso\MAST.out",
   Generation_Date    => 2026-05-19T20:08:58);

Transaction (
   Name     => evfligthctrl,
   Results  => 
       ((Type                          => Timing_Result,
         Event_Name                    => "deadline",
         Num_Of_Suspensions            => 0,
         Worst_Blocking_Time           => 0.000,
         Worst_Global_Response_Times   => 
            ((Referenced_Event => entrada,
              Time_Value       => 0.501530)),
         Best_Global_Response_Times    => 
            ((Referenced_Event => entrada,
              Time_Value       => 0.050102)),
         Jitters                       => 
            ((Referenced_Event => entrada,
              Time_Value       => 0.451428)))));

Processing_Resource (
   Name     => leon3,
   Results  => 
       ((Type   => Utilization,
         Total  => 50.20%)));

